---
source: src/encode.rs
expression: "&buf[..n]"
---
[
    27,
    8,
    128,
    137,
    122,
    16,
    1,
    24,
    4,
    50,
    8,
    103,
    121,
    114,
    111,
    95,
    105,
    115,
    114,
    56,
    1,
    64,
    8,
    77,
    0,
    0,
    0,
    63,
    6,
    16,
    1,
    24,
    1,
    32,
    1,
]
